// Jest Snapshot v1, https://goo.gl/fbAQLP

exports[`should render ExpenseList with expenses 1`] = `
<Link
  className="list-item"
  replace={false}
  to="/edit/2"
>
  <div>
    <h3
      className="list_item__title"
    >
      Rent
    </h3>
    <span
      className="list-item__sub-title"
    >
      28th December, 1969
    </span>
  </div>
  <h3
    className="list-item__data"
  >
    Â£1,120.00
     
  </h3>
</Link>
`;
